// Jest Snapshot v1, https://goo.gl/fbAQLP

exports[`should render addExpense correctly 1`] = `
<div
  className="u--center bg-grey"
>
  <main>
    <h1>
      Add Expense
    </h1>
    <ExpenseForm
      onSubmit={[Function]}
    />
  </main>
</div>
`;
