// Jest Snapshot v1, https://goo.gl/fbAQLP

exports[`should render LoginPage correctly 1`] = `
<div>
  <h1>
    This is Login Page
  </h1>
  <button>
    Login
  </button>
</div>
`;
