// Jest Snapshot v1, https://goo.gl/fbAQLP

exports[`should render NotFound page 1`] = `
<main>
  <h1>
    Page Not Found
  </h1>
  <Link
    replace={false}
    to="/"
  >
    Go Home
  </Link>
</main>
`;
