// Jest Snapshot v1, https://goo.gl/fbAQLP

exports[`Should handle render Header correctly 1`] = `
<header
  className="header"
>
  <div
    className="header__logo"
  >
    <h1>
      Expensify
    </h1>
  </div>
  <nav>
    <ul
      className="header__navigation"
    >
      <li
        className="header__navigation__item"
      >
        <NavLink
          activeClassName="active-nav"
          ariaCurrent="true"
          className="header__navigation__item--link"
          to="/dashboard"
        >
          Dashboard
        </NavLink>
      </li>
      <li
        className="header__navigation__item"
      >
        <NavLink
          activeClassName="active-nav"
          ariaCurrent="true"
          className="header__navigation__item--link"
          to="/create"
        >
          Create
        </NavLink>
      </li>
      <li
        className="header__navigation__item"
      >
        <button
          className="header__navigation__item--link"
          onClick={[Function]}
        >
          Log Out
        </button>
      </li>
    </ul>
  </nav>
</header>
`;
